[2025-01-29T11:15:42.028+0000][gc,init] CardTable entry size: 512
[2025-01-29T11:15:42.029+0000][gc     ] Using G1
[2025-01-29T11:15:42.038+0000][gc,init] Version: 21.0.5+11-LTS (release)
[2025-01-29T11:15:42.038+0000][gc,init] CPUs: 2 total, 2 available
[2025-01-29T11:15:42.038+0000][gc,init] Memory: 7928M
[2025-01-29T11:15:42.038+0000][gc,init] Large Page Support: Disabled
[2025-01-29T11:15:42.038+0000][gc,init] NUMA Support: Disabled
[2025-01-29T11:15:42.038+0000][gc,init] Compressed Oops: Enabled (32-bit)
[2025-01-29T11:15:42.038+0000][gc,init] Heap Region Size: 1M
[2025-01-29T11:15:42.038+0000][gc,init] Heap Min Capacity: 1G
[2025-01-29T11:15:42.039+0000][gc,init] Heap Initial Capacity: 1G
[2025-01-29T11:15:42.039+0000][gc,init] Heap Max Capacity: 1G
[2025-01-29T11:15:42.039+0000][gc,init] Pre-touch: Disabled
[2025-01-29T11:15:42.039+0000][gc,init] Parallel Workers: 2
[2025-01-29T11:15:42.039+0000][gc,init] Concurrent Workers: 1
[2025-01-29T11:15:42.039+0000][gc,init] Concurrent Refinement Workers: 2
[2025-01-29T11:15:42.039+0000][gc,init] Periodic GC: Disabled
[2025-01-29T11:15:42.051+0000][gc,metaspace] CDS archive(s) mapped at: [0x0000773897000000-0x0000773897c97000-0x0000773897c97000), size 13201408, SharedBaseAddress: 0x0000773897000000, ArchiveRelocationMode: 1.
[2025-01-29T11:15:42.051+0000][gc,metaspace] Compressed class space mapped at: 0x0000773898000000-0x00007738d8000000, reserved size: 1073741824
[2025-01-29T11:15:42.051+0000][gc,metaspace] Narrow klass base: 0x0000773897000000, Narrow klass shift: 0, Narrow klass range: 0x100000000
[2025-01-29T11:15:44.166+0000][gc,start    ] GC(0) Pause Young (Normal) (G1 Evacuation Pause)
[2025-01-29T11:15:44.166+0000][gc,task     ] GC(0) Using 2 workers of 2 for evacuation
[2025-01-29T11:15:44.185+0000][gc,phases   ] GC(0)   Pre Evacuate Collection Set: 0.2ms
[2025-01-29T11:15:44.185+0000][gc,phases   ] GC(0)   Merge Heap Roots: 0.0ms
[2025-01-29T11:15:44.185+0000][gc,phases   ] GC(0)   Evacuate Collection Set: 16.4ms
[2025-01-29T11:15:44.185+0000][gc,phases   ] GC(0)   Post Evacuate Collection Set: 1.7ms
[2025-01-29T11:15:44.185+0000][gc,phases   ] GC(0)   Other: 0.3ms
[2025-01-29T11:15:44.185+0000][gc,heap     ] GC(0) Eden regions: 51->0(44)
[2025-01-29T11:15:44.185+0000][gc,heap     ] GC(0) Survivor regions: 0->7(7)
[2025-01-29T11:15:44.185+0000][gc,heap     ] GC(0) Old regions: 2->3
[2025-01-29T11:15:44.185+0000][gc,heap     ] GC(0) Humongous regions: 0->0
[2025-01-29T11:15:44.185+0000][gc,metaspace] GC(0) Metaspace: 17226K(17472K)->17226K(17472K) NonClass: 15232K(15360K)->15232K(15360K) Class: 1993K(2112K)->1993K(2112K)
[2025-01-29T11:15:44.185+0000][gc          ] GC(0) Pause Young (Normal) (G1 Evacuation Pause) 52M->8M(1024M) 19.482ms
[2025-01-29T11:15:44.185+0000][gc,cpu      ] GC(0) User=0.02s Sys=0.01s Real=0.02s
[2025-01-29T11:15:44.702+0000][gc,start    ] GC(1) Pause Young (Concurrent Start) (Metadata GC Threshold)
[2025-01-29T11:15:44.702+0000][gc,task     ] GC(1) Using 2 workers of 2 for evacuation
[2025-01-29T11:15:44.712+0000][gc,phases   ] GC(1)   Pre Evacuate Collection Set: 0.2ms
[2025-01-29T11:15:44.712+0000][gc,phases   ] GC(1)   Merge Heap Roots: 0.0ms
[2025-01-29T11:15:44.712+0000][gc,phases   ] GC(1)   Evacuate Collection Set: 8.5ms
[2025-01-29T11:15:44.712+0000][gc,phases   ] GC(1)   Post Evacuate Collection Set: 0.4ms
[2025-01-29T11:15:44.712+0000][gc,phases   ] GC(1)   Other: 0.1ms
[2025-01-29T11:15:44.712+0000][gc,heap     ] GC(1) Eden regions: 16->0(49)
[2025-01-29T11:15:44.712+0000][gc,heap     ] GC(1) Survivor regions: 7->2(7)
[2025-01-29T11:15:44.712+0000][gc,heap     ] GC(1) Old regions: 3->10
[2025-01-29T11:15:44.712+0000][gc,heap     ] GC(1) Humongous regions: 0->0
[2025-01-29T11:15:44.712+0000][gc,metaspace] GC(1) Metaspace: 21352K(21504K)->21352K(21504K) NonClass: 18873K(18944K)->18873K(18944K) Class: 2478K(2560K)->2478K(2560K)
[2025-01-29T11:15:44.712+0000][gc          ] GC(1) Pause Young (Concurrent Start) (Metadata GC Threshold) 24M->10M(1024M) 9.467ms
[2025-01-29T11:15:44.712+0000][gc,cpu      ] GC(1) User=0.02s Sys=0.00s Real=0.00s
[2025-01-29T11:15:44.712+0000][gc          ] GC(2) Concurrent Mark Cycle
[2025-01-29T11:15:44.712+0000][gc,marking  ] GC(2) Concurrent Scan Root Regions
[2025-01-29T11:15:44.716+0000][gc,marking  ] GC(2) Concurrent Scan Root Regions 4.385ms
[2025-01-29T11:15:44.716+0000][gc,marking  ] GC(2) Concurrent Mark
[2025-01-29T11:15:44.716+0000][gc,marking  ] GC(2) Concurrent Mark From Roots
[2025-01-29T11:15:44.716+0000][gc,task     ] GC(2) Using 1 workers of 1 for marking
[2025-01-29T11:15:44.719+0000][gc,marking  ] GC(2) Concurrent Mark From Roots 3.028ms
[2025-01-29T11:15:44.719+0000][gc,marking  ] GC(2) Concurrent Preclean
[2025-01-29T11:15:44.719+0000][gc,marking  ] GC(2) Concurrent Preclean 0.011ms
[2025-01-29T11:15:44.720+0000][gc,start    ] GC(2) Pause Remark
[2025-01-29T11:15:44.722+0000][gc          ] GC(2) Pause Remark 11M->11M(1024M) 2.118ms
[2025-01-29T11:15:44.722+0000][gc,cpu      ] GC(2) User=0.01s Sys=0.00s Real=0.00s
[2025-01-29T11:15:44.722+0000][gc,marking  ] GC(2) Concurrent Mark 5.715ms
[2025-01-29T11:15:44.722+0000][gc,marking  ] GC(2) Concurrent Rebuild Remembered Sets and Scrub Regions
[2025-01-29T11:15:44.727+0000][gc,marking  ] GC(2) Concurrent Rebuild Remembered Sets and Scrub Regions 5.054ms
[2025-01-29T11:15:44.736+0000][gc,start    ] GC(2) Pause Cleanup
[2025-01-29T11:15:44.736+0000][gc          ] GC(2) Pause Cleanup 11M->11M(1024M) 0.271ms
[2025-01-29T11:15:44.736+0000][gc,cpu      ] GC(2) User=0.00s Sys=0.00s Real=0.00s
[2025-01-29T11:15:44.736+0000][gc,marking  ] GC(2) Concurrent Clear Claimed Marks
[2025-01-29T11:15:44.736+0000][gc,marking  ] GC(2) Concurrent Clear Claimed Marks 0.016ms
[2025-01-29T11:15:44.736+0000][gc,marking  ] GC(2) Concurrent Cleanup for Next Mark
[2025-01-29T11:15:44.759+0000][gc,marking  ] GC(2) Concurrent Cleanup for Next Mark 22.826ms
[2025-01-29T11:15:44.759+0000][gc          ] GC(2) Concurrent Mark Cycle 47.202ms
[2025-01-29T11:15:46.952+0000][gc,start    ] GC(3) Pause Young (Prepare Mixed) (G1 Evacuation Pause)
[2025-01-29T11:15:46.953+0000][gc,task     ] GC(3) Using 2 workers of 2 for evacuation
[2025-01-29T11:15:46.964+0000][gc,phases   ] GC(3)   Pre Evacuate Collection Set: 0.2ms
[2025-01-29T11:15:46.964+0000][gc,phases   ] GC(3)   Merge Heap Roots: 0.1ms
[2025-01-29T11:15:46.964+0000][gc,phases   ] GC(3)   Evacuate Collection Set: 10.9ms
[2025-01-29T11:15:46.964+0000][gc,phases   ] GC(3)   Post Evacuate Collection Set: 0.6ms
[2025-01-29T11:15:46.964+0000][gc,phases   ] GC(3)   Other: 0.1ms
[2025-01-29T11:15:46.964+0000][gc,heap     ] GC(3) Eden regions: 49->0(44)
[2025-01-29T11:15:46.964+0000][gc,heap     ] GC(3) Survivor regions: 2->7(7)
[2025-01-29T11:15:46.964+0000][gc,heap     ] GC(3) Old regions: 10->10
[2025-01-29T11:15:46.964+0000][gc,heap     ] GC(3) Humongous regions: 129->129
[2025-01-29T11:15:46.964+0000][gc,metaspace] GC(3) Metaspace: 32796K(33088K)->32796K(33088K) NonClass: 29283K(29440K)->29283K(29440K) Class: 3512K(3648K)->3512K(3648K)
[2025-01-29T11:15:46.964+0000][gc          ] GC(3) Pause Young (Prepare Mixed) (G1 Evacuation Pause) 188M->144M(1024M) 11.997ms
[2025-01-29T11:15:46.964+0000][gc,cpu      ] GC(3) User=0.02s Sys=0.00s Real=0.02s
[2025-01-29T11:15:47.411+0000][gc,start    ] GC(4) Pause Young (Mixed) (Metadata GC Threshold)
[2025-01-29T11:15:47.411+0000][gc,task     ] GC(4) Using 2 workers of 2 for evacuation
[2025-01-29T11:15:47.431+0000][gc,mmu      ] GC(4) MMU target violated: 20.1ms (20.0ms/21.0ms)
[2025-01-29T11:15:47.431+0000][gc,phases   ] GC(4)   Pre Evacuate Collection Set: 0.3ms
[2025-01-29T11:15:47.431+0000][gc,phases   ] GC(4)   Merge Heap Roots: 0.0ms
[2025-01-29T11:15:47.431+0000][gc,phases   ] GC(4)   Evacuate Collection Set: 19.2ms
[2025-01-29T11:15:47.431+0000][gc,phases   ] GC(4)   Post Evacuate Collection Set: 0.5ms
[2025-01-29T11:15:47.431+0000][gc,phases   ] GC(4)   Other: 0.1ms
[2025-01-29T11:15:47.431+0000][gc,heap     ] GC(4) Eden regions: 13->0(50)
[2025-01-29T11:15:47.431+0000][gc,heap     ] GC(4) Survivor regions: 7->1(7)
[2025-01-29T11:15:47.431+0000][gc,heap     ] GC(4) Old regions: 10->15
[2025-01-29T11:15:47.431+0000][gc,heap     ] GC(4) Humongous regions: 129->129
[2025-01-29T11:15:47.431+0000][gc,metaspace] GC(4) Metaspace: 35924K(36160K)->35924K(36160K) NonClass: 32050K(32192K)->32050K(32192K) Class: 3874K(3968K)->3874K(3968K)
[2025-01-29T11:15:47.431+0000][gc          ] GC(4) Pause Young (Mixed) (Metadata GC Threshold) 157M->144M(1024M) 20.355ms
[2025-01-29T11:15:47.431+0000][gc,cpu      ] GC(4) User=0.02s Sys=0.00s Real=0.02s
[2025-01-29T11:15:47.462+0000][gc,start    ] GC(5) Pause Young (Concurrent Start) (Metadata GC Threshold)
[2025-01-29T11:15:47.462+0000][gc,task     ] GC(5) Using 2 workers of 2 for evacuation
[2025-01-29T11:15:47.467+0000][gc,phases   ] GC(5)   Pre Evacuate Collection Set: 0.2ms
[2025-01-29T11:15:47.467+0000][gc,phases   ] GC(5)   Merge Heap Roots: 0.0ms
[2025-01-29T11:15:47.467+0000][gc,phases   ] GC(5)   Evacuate Collection Set: 3.3ms
[2025-01-29T11:15:47.467+0000][gc,phases   ] GC(5)   Post Evacuate Collection Set: 1.4ms
[2025-01-29T11:15:47.467+0000][gc,phases   ] GC(5)   Other: 0.1ms
[2025-01-29T11:15:47.467+0000][gc,heap     ] GC(5) Eden regions: 3->0(50)
[2025-01-29T11:15:47.467+0000][gc,heap     ] GC(5) Survivor regions: 1->1(7)
[2025-01-29T11:15:47.467+0000][gc,heap     ] GC(5) Old regions: 15->15
[2025-01-29T11:15:47.467+0000][gc,heap     ] GC(5) Humongous regions: 129->129
[2025-01-29T11:15:47.467+0000][gc,metaspace] GC(5) Metaspace: 36230K(36480K)->36230K(36480K) NonClass: 32309K(32448K)->32309K(32448K) Class: 3921K(4032K)->3921K(4032K)
[2025-01-29T11:15:47.467+0000][gc          ] GC(5) Pause Young (Concurrent Start) (Metadata GC Threshold) 147M->144M(1024M) 5.142ms
[2025-01-29T11:15:47.469+0000][gc,cpu      ] GC(5) User=0.01s Sys=0.00s Real=0.01s
[2025-01-29T11:15:47.469+0000][gc          ] GC(6) Concurrent Mark Cycle
[2025-01-29T11:15:47.469+0000][gc,marking  ] GC(6) Concurrent Scan Root Regions
[2025-01-29T11:15:47.472+0000][gc,marking  ] GC(6) Concurrent Scan Root Regions 3.352ms
[2025-01-29T11:15:47.472+0000][gc,marking  ] GC(6) Concurrent Mark
[2025-01-29T11:15:47.472+0000][gc,marking  ] GC(6) Concurrent Mark From Roots
[2025-01-29T11:15:47.472+0000][gc,task     ] GC(6) Using 1 workers of 1 for marking
[2025-01-29T11:15:47.500+0000][gc,marking  ] GC(6) Concurrent Mark From Roots 27.603ms
[2025-01-29T11:15:47.500+0000][gc,marking  ] GC(6) Concurrent Preclean
[2025-01-29T11:15:47.500+0000][gc,marking  ] GC(6) Concurrent Preclean 0.057ms
[2025-01-29T11:15:47.500+0000][gc,start    ] GC(6) Pause Remark
[2025-01-29T11:15:47.513+0000][gc          ] GC(6) Pause Remark 145M->145M(1024M) 13.385ms
[2025-01-29T11:15:47.513+0000][gc,cpu      ] GC(6) User=0.02s Sys=0.00s Real=0.01s
[2025-01-29T11:15:47.514+0000][gc,marking  ] GC(6) Concurrent Mark 41.650ms
[2025-01-29T11:15:47.514+0000][gc,marking  ] GC(6) Concurrent Rebuild Remembered Sets and Scrub Regions
[2025-01-29T11:15:47.535+0000][gc,marking  ] GC(6) Concurrent Rebuild Remembered Sets and Scrub Regions 20.978ms
[2025-01-29T11:15:47.535+0000][gc,start    ] GC(6) Pause Cleanup
[2025-01-29T11:15:47.535+0000][gc          ] GC(6) Pause Cleanup 146M->146M(1024M) 0.193ms
[2025-01-29T11:15:47.535+0000][gc,cpu      ] GC(6) User=0.00s Sys=0.00s Real=0.00s
[2025-01-29T11:15:47.535+0000][gc,marking  ] GC(6) Concurrent Clear Claimed Marks
[2025-01-29T11:15:47.535+0000][gc,marking  ] GC(6) Concurrent Clear Claimed Marks 0.026ms
[2025-01-29T11:15:47.535+0000][gc,marking  ] GC(6) Concurrent Cleanup for Next Mark
[2025-01-29T11:15:47.537+0000][gc,marking  ] GC(6) Concurrent Cleanup for Next Mark 1.607ms
[2025-01-29T11:15:47.537+0000][gc          ] GC(6) Concurrent Mark Cycle 68.130ms
[2025-01-29T11:29:24.487+0000][gc,start    ] GC(7) Pause Young (Prepare Mixed) (G1 Evacuation Pause)
[2025-01-29T11:29:24.487+0000][gc,task     ] GC(7) Using 2 workers of 2 for evacuation
[2025-01-29T11:29:24.495+0000][gc,phases   ] GC(7)   Pre Evacuate Collection Set: 0.2ms
[2025-01-29T11:29:24.495+0000][gc,phases   ] GC(7)   Merge Heap Roots: 0.1ms
[2025-01-29T11:29:24.495+0000][gc,phases   ] GC(7)   Evacuate Collection Set: 6.2ms
[2025-01-29T11:29:24.495+0000][gc,phases   ] GC(7)   Post Evacuate Collection Set: 0.7ms
[2025-01-29T11:29:24.495+0000][gc,phases   ] GC(7)   Other: 0.1ms
[2025-01-29T11:29:24.495+0000][gc,heap     ] GC(7) Eden regions: 50->0(46)
[2025-01-29T11:29:24.495+0000][gc,heap     ] GC(7) Survivor regions: 1->5(7)
[2025-01-29T11:29:24.495+0000][gc,heap     ] GC(7) Old regions: 15->15
[2025-01-29T11:29:24.495+0000][gc,heap     ] GC(7) Humongous regions: 129->129
[2025-01-29T11:29:24.495+0000][gc,metaspace] GC(7) Metaspace: 43210K(43840K)->43210K(43840K) NonClass: 38154K(38528K)->38154K(38528K) Class: 5055K(5312K)->5055K(5312K)
[2025-01-29T11:29:24.495+0000][gc          ] GC(7) Pause Young (Prepare Mixed) (G1 Evacuation Pause) 194M->148M(1024M) 7.416ms
[2025-01-29T11:29:24.495+0000][gc,cpu      ] GC(7) User=0.02s Sys=0.00s Real=0.01s
[2025-01-29T11:40:57.429+0000][gc,start    ] GC(8) Pause Young (Mixed) (G1 Evacuation Pause)
[2025-01-29T11:40:57.429+0000][gc,task     ] GC(8) Using 2 workers of 2 for evacuation
[2025-01-29T11:40:57.439+0000][gc,phases   ] GC(8)   Pre Evacuate Collection Set: 0.2ms
[2025-01-29T11:40:57.439+0000][gc,phases   ] GC(8)   Merge Heap Roots: 0.1ms
[2025-01-29T11:40:57.439+0000][gc,phases   ] GC(8)   Evacuate Collection Set: 9.4ms
[2025-01-29T11:40:57.439+0000][gc,phases   ] GC(8)   Post Evacuate Collection Set: 0.6ms
[2025-01-29T11:40:57.439+0000][gc,phases   ] GC(8)   Other: 0.0ms
[2025-01-29T11:40:57.439+0000][gc,heap     ] GC(8) Eden regions: 46->0(45)
[2025-01-29T11:40:57.439+0000][gc,heap     ] GC(8) Survivor regions: 5->6(7)
[2025-01-29T11:40:57.439+0000][gc,heap     ] GC(8) Old regions: 15->16
[2025-01-29T11:40:57.439+0000][gc,heap     ] GC(8) Humongous regions: 129->129
[2025-01-29T11:40:57.439+0000][gc,metaspace] GC(8) Metaspace: 44394K(45056K)->44394K(45056K) NonClass: 39313K(39680K)->39313K(39680K) Class: 5081K(5376K)->5081K(5376K)
[2025-01-29T11:40:57.439+0000][gc          ] GC(8) Pause Young (Mixed) (G1 Evacuation Pause) 194M->150M(1024M) 10.510ms
[2025-01-29T11:40:57.439+0000][gc,cpu      ] GC(8) User=0.02s Sys=0.00s Real=0.01s
[2025-01-29T11:51:15.066+0000][gc,start    ] GC(9) Pause Young (Normal) (G1 Evacuation Pause)
[2025-01-29T11:51:15.066+0000][gc,task     ] GC(9) Using 2 workers of 2 for evacuation
[2025-01-29T11:51:15.075+0000][gc,phases   ] GC(9)   Pre Evacuate Collection Set: 0.2ms
[2025-01-29T11:51:15.075+0000][gc,phases   ] GC(9)   Merge Heap Roots: 0.1ms
[2025-01-29T11:51:15.075+0000][gc,phases   ] GC(9)   Evacuate Collection Set: 8.7ms
[2025-01-29T11:51:15.075+0000][gc,phases   ] GC(9)   Post Evacuate Collection Set: 0.6ms
[2025-01-29T11:51:15.075+0000][gc,phases   ] GC(9)   Other: 0.1ms
[2025-01-29T11:51:15.075+0000][gc,heap     ] GC(9) Eden regions: 45->0(48)
[2025-01-29T11:51:15.075+0000][gc,heap     ] GC(9) Survivor regions: 6->3(7)
[2025-01-29T11:51:15.075+0000][gc,heap     ] GC(9) Old regions: 16->19
[2025-01-29T11:51:15.075+0000][gc,heap     ] GC(9) Humongous regions: 129->129
[2025-01-29T11:51:15.075+0000][gc,metaspace] GC(9) Metaspace: 44613K(45248K)->44613K(45248K) NonClass: 39507K(39872K)->39507K(39872K) Class: 5105K(5376K)->5105K(5376K)
[2025-01-29T11:51:15.075+0000][gc          ] GC(9) Pause Young (Normal) (G1 Evacuation Pause) 195M->150M(1024M) 9.785ms
[2025-01-29T11:51:15.075+0000][gc,cpu      ] GC(9) User=0.02s Sys=0.00s Real=0.01s
[2025-01-29T12:01:44.799+0000][gc,start    ] GC(10) Pause Young (Normal) (G1 Evacuation Pause)
[2025-01-29T12:01:44.799+0000][gc,task     ] GC(10) Using 2 workers of 2 for evacuation
[2025-01-29T12:01:44.805+0000][gc,phases   ] GC(10)   Pre Evacuate Collection Set: 0.2ms
[2025-01-29T12:01:44.805+0000][gc,phases   ] GC(10)   Merge Heap Roots: 0.1ms
[2025-01-29T12:01:44.805+0000][gc,phases   ] GC(10)   Evacuate Collection Set: 5.2ms
[2025-01-29T12:01:44.805+0000][gc,phases   ] GC(10)   Post Evacuate Collection Set: 0.5ms
[2025-01-29T12:01:44.805+0000][gc,phases   ] GC(10)   Other: 0.1ms
[2025-01-29T12:01:44.805+0000][gc,heap     ] GC(10) Eden regions: 48->0(48)
[2025-01-29T12:01:44.805+0000][gc,heap     ] GC(10) Survivor regions: 3->3(7)
[2025-01-29T12:01:44.805+0000][gc,heap     ] GC(10) Old regions: 19->19
[2025-01-29T12:01:44.805+0000][gc,heap     ] GC(10) Humongous regions: 129->129
[2025-01-29T12:01:44.805+0000][gc,metaspace] GC(10) Metaspace: 44731K(45376K)->44731K(45376K) NonClass: 39616K(40000K)->39616K(40000K) Class: 5114K(5376K)->5114K(5376K)
[2025-01-29T12:01:44.805+0000][gc          ] GC(10) Pause Young (Normal) (G1 Evacuation Pause) 198M->150M(1024M) 6.184ms
[2025-01-29T12:01:44.805+0000][gc,cpu      ] GC(10) User=0.01s Sys=0.00s Real=0.01s
[2025-01-29T12:12:38.741+0000][gc,start    ] GC(11) Pause Young (Normal) (G1 Evacuation Pause)
[2025-01-29T12:12:38.741+0000][gc,task     ] GC(11) Using 2 workers of 2 for evacuation
[2025-01-29T12:12:38.747+0000][gc,phases   ] GC(11)   Pre Evacuate Collection Set: 0.2ms
[2025-01-29T12:12:38.747+0000][gc,phases   ] GC(11)   Merge Heap Roots: 0.1ms
[2025-01-29T12:12:38.747+0000][gc,phases   ] GC(11)   Evacuate Collection Set: 5.1ms
[2025-01-29T12:12:38.747+0000][gc,phases   ] GC(11)   Post Evacuate Collection Set: 0.4ms
[2025-01-29T12:12:38.747+0000][gc,phases   ] GC(11)   Other: 0.1ms
[2025-01-29T12:12:38.747+0000][gc,heap     ] GC(11) Eden regions: 48->0(48)
[2025-01-29T12:12:38.747+0000][gc,heap     ] GC(11) Survivor regions: 3->3(7)
[2025-01-29T12:12:38.747+0000][gc,heap     ] GC(11) Old regions: 19->19
[2025-01-29T12:12:38.747+0000][gc,heap     ] GC(11) Humongous regions: 129->129
[2025-01-29T12:12:38.747+0000][gc,metaspace] GC(11) Metaspace: 44789K(45440K)->44789K(45440K) NonClass: 39675K(40064K)->39675K(40064K) Class: 5114K(5376K)->5114K(5376K)
[2025-01-29T12:12:38.747+0000][gc          ] GC(11) Pause Young (Normal) (G1 Evacuation Pause) 198M->150M(1024M) 6.014ms
[2025-01-29T12:12:38.747+0000][gc,cpu      ] GC(11) User=0.01s Sys=0.00s Real=0.01s
[2025-01-29T12:22:51.123+0000][gc,start    ] GC(12) Pause Young (Normal) (G1 Evacuation Pause)
[2025-01-29T12:22:51.123+0000][gc,task     ] GC(12) Using 2 workers of 2 for evacuation
[2025-01-29T12:22:51.131+0000][gc,phases   ] GC(12)   Pre Evacuate Collection Set: 0.2ms
[2025-01-29T12:22:51.131+0000][gc,phases   ] GC(12)   Merge Heap Roots: 0.1ms
[2025-01-29T12:22:51.131+0000][gc,phases   ] GC(12)   Evacuate Collection Set: 7.3ms
[2025-01-29T12:22:51.131+0000][gc,phases   ] GC(12)   Post Evacuate Collection Set: 0.4ms
[2025-01-29T12:22:51.131+0000][gc,phases   ] GC(12)   Other: 0.1ms
[2025-01-29T12:22:51.131+0000][gc,heap     ] GC(12) Eden regions: 48->0(46)
[2025-01-29T12:22:51.131+0000][gc,heap     ] GC(12) Survivor regions: 3->5(7)
[2025-01-29T12:22:51.131+0000][gc,heap     ] GC(12) Old regions: 19->19
[2025-01-29T12:22:51.131+0000][gc,heap     ] GC(12) Humongous regions: 129->129
[2025-01-29T12:22:51.131+0000][gc,metaspace] GC(12) Metaspace: 44842K(45440K)->44842K(45440K) NonClass: 39724K(40064K)->39724K(40064K) Class: 5117K(5376K)->5117K(5376K)
[2025-01-29T12:22:51.131+0000][gc          ] GC(12) Pause Young (Normal) (G1 Evacuation Pause) 198M->152M(1024M) 8.217ms
[2025-01-29T12:22:51.131+0000][gc,cpu      ] GC(12) User=0.01s Sys=0.01s Real=0.00s
[2025-01-29T12:33:11.954+0000][gc,start    ] GC(13) Pause Young (Normal) (G1 Evacuation Pause)
[2025-01-29T12:33:11.954+0000][gc,task     ] GC(13) Using 2 workers of 2 for evacuation
[2025-01-29T12:33:11.961+0000][gc,phases   ] GC(13)   Pre Evacuate Collection Set: 0.2ms
[2025-01-29T12:33:11.961+0000][gc,phases   ] GC(13)   Merge Heap Roots: 0.1ms
[2025-01-29T12:33:11.961+0000][gc,phases   ] GC(13)   Evacuate Collection Set: 6.0ms
[2025-01-29T12:33:11.961+0000][gc,phases   ] GC(13)   Post Evacuate Collection Set: 0.4ms
[2025-01-29T12:33:11.961+0000][gc,phases   ] GC(13)   Other: 0.1ms
[2025-01-29T12:33:11.961+0000][gc,heap     ] GC(13) Eden regions: 46->0(48)
[2025-01-29T12:33:11.961+0000][gc,heap     ] GC(13) Survivor regions: 5->3(7)
[2025-01-29T12:33:11.961+0000][gc,heap     ] GC(13) Old regions: 19->20
[2025-01-29T12:33:11.961+0000][gc,heap     ] GC(13) Humongous regions: 129->129
[2025-01-29T12:33:11.961+0000][gc,metaspace] GC(13) Metaspace: 44855K(45440K)->44855K(45440K) NonClass: 39738K(40064K)->39738K(40064K) Class: 5117K(5376K)->5117K(5376K)
[2025-01-29T12:33:11.961+0000][gc          ] GC(13) Pause Young (Normal) (G1 Evacuation Pause) 198M->151M(1024M) 7.003ms
[2025-01-29T12:33:11.961+0000][gc,cpu      ] GC(13) User=0.01s Sys=0.01s Real=0.01s
