[2025-01-28T21:29:08.563+0000][gc,init] CardTable entry size: 512
[2025-01-28T21:29:08.563+0000][gc     ] Using G1
[2025-01-28T21:29:08.567+0000][gc,init] Version: 21.0.5+11-LTS (release)
[2025-01-28T21:29:08.567+0000][gc,init] CPUs: 2 total, 2 available
[2025-01-28T21:29:08.567+0000][gc,init] Memory: 7928M
[2025-01-28T21:29:08.567+0000][gc,init] Large Page Support: Disabled
[2025-01-28T21:29:08.567+0000][gc,init] NUMA Support: Disabled
[2025-01-28T21:29:08.567+0000][gc,init] Compressed Oops: Enabled (32-bit)
[2025-01-28T21:29:08.567+0000][gc,init] Heap Region Size: 1M
[2025-01-28T21:29:08.567+0000][gc,init] Heap Min Capacity: 512M
[2025-01-28T21:29:08.567+0000][gc,init] Heap Initial Capacity: 512M
[2025-01-28T21:29:08.567+0000][gc,init] Heap Max Capacity: 512M
[2025-01-28T21:29:08.567+0000][gc,init] Pre-touch: Disabled
[2025-01-28T21:29:08.567+0000][gc,init] Parallel Workers: 2
[2025-01-28T21:29:08.567+0000][gc,init] Concurrent Workers: 1
[2025-01-28T21:29:08.567+0000][gc,init] Concurrent Refinement Workers: 2
[2025-01-28T21:29:08.567+0000][gc,init] Periodic GC: Disabled
[2025-01-28T21:29:08.573+0000][gc,metaspace] CDS archive(s) mapped at: [0x00007aaabf000000-0x00007aaabfc97000-0x00007aaabfc97000), size 13201408, SharedBaseAddress: 0x00007aaabf000000, ArchiveRelocationMode: 1.
[2025-01-28T21:29:08.573+0000][gc,metaspace] Compressed class space mapped at: 0x00007aaac0000000-0x00007aab00000000, reserved size: 1073741824
[2025-01-28T21:29:08.573+0000][gc,metaspace] Narrow klass base: 0x00007aaabf000000, Narrow klass shift: 0, Narrow klass range: 0x100000000
[2025-01-28T21:29:09.556+0000][gc,start    ] GC(0) Pause Young (Normal) (G1 Evacuation Pause)
[2025-01-28T21:29:09.560+0000][gc,task     ] GC(0) Using 2 workers of 2 for evacuation
[2025-01-28T21:29:09.568+0000][gc,phases   ] GC(0)   Pre Evacuate Collection Set: 0.2ms
[2025-01-28T21:29:09.568+0000][gc,phases   ] GC(0)   Merge Heap Roots: 0.0ms
[2025-01-28T21:29:09.568+0000][gc,phases   ] GC(0)   Evacuate Collection Set: 7.4ms
[2025-01-28T21:29:09.568+0000][gc,phases   ] GC(0)   Post Evacuate Collection Set: 0.3ms
[2025-01-28T21:29:09.568+0000][gc,phases   ] GC(0)   Other: 4.2ms
[2025-01-28T21:29:09.568+0000][gc,heap     ] GC(0) Eden regions: 25->0(21)
[2025-01-28T21:29:09.568+0000][gc,heap     ] GC(0) Survivor regions: 0->4(4)
[2025-01-28T21:29:09.568+0000][gc,heap     ] GC(0) Old regions: 2->7
[2025-01-28T21:29:09.568+0000][gc,heap     ] GC(0) Humongous regions: 0->0
[2025-01-28T21:29:09.568+0000][gc,metaspace] GC(0) Metaspace: 8048K(8256K)->8048K(8256K) NonClass: 7218K(7360K)->7218K(7360K) Class: 829K(896K)->829K(896K)
[2025-01-28T21:29:09.568+0000][gc          ] GC(0) Pause Young (Normal) (G1 Evacuation Pause) 26M->9M(512M) 12.219ms
[2025-01-28T21:29:09.568+0000][gc,cpu      ] GC(0) User=0.02s Sys=0.00s Real=0.01s
[2025-01-28T21:33:00.669+0000][gc,heap,exit] Heap
[2025-01-28T21:33:00.669+0000][gc,heap,exit]  garbage-first heap   total 524288K, used 17757K [0x00000000e0000000, 0x0000000100000000)
[2025-01-28T21:33:00.669+0000][gc,heap,exit]   region size 1024K, 13 young (13312K), 4 survivors (4096K)
[2025-01-28T21:33:00.669+0000][gc,heap,exit]  Metaspace       used 9337K, committed 9536K, reserved 1114112K
[2025-01-28T21:33:00.669+0000][gc,heap,exit]   class space    used 951K, committed 1024K, reserved 1048576K
